RequestMetaDataTypeStateMachine::RequestMetaDataTypeStateMachine(ComponentInformationManager*, QObject*) RequestMetaDataTypeStateMachine(0xADDR, name = "RequestMetaDataType") - ComponentInformation.RequestMetaDataTypeStateMachine - (RequestMetaDataTypeStateMachine::RequestMetaDataTypeStateMachine:26)
ComponentInformationManager(0xADDR, name = "ComponentInformationManager") - ComponentInformation.ComponentInformationManager - (ComponentInformationManager::ComponentInformationManager:23)
Cache location: "/tmp/.cache/QGroundControl/QGroundControl Daily/QGCCompInfoCache" - ComponentInformation.ComponentInformationManager - (ComponentInformationManager::ComponentInformationManager:24)
"InitialConnectStateMachine" progress tracking enabled for 8 states, total weight: 17 - Utilities.QGCStateMachine - (QGCStateMachine::setProgressWeights:820)
ParameterManager(0xADDR) - FactSystem.ParameterManager - (ParameterManager::ParameterManager:44)
RequestMetaDataTypeStateMachine::RequestMetaDataTypeStateMachine(ComponentInformationManager*, QObject*) RequestMetaDataTypeStateMachine(0xADDR, name = "RequestMetaDataType") - ComponentInformation.RequestMetaDataTypeStateMachine - (RequestMetaDataTypeStateMachine::RequestMetaDataTypeStateMachine:26)
ComponentInformationManager(0xADDR, name = "ComponentInformationManager") - ComponentInformation.ComponentInformationManager - (ComponentInformationManager::ComponentInformationManager:23)
Cache location: "/tmp/.cache/QGroundControl/QGroundControl Daily/QGCCompInfoCache" - ComponentInformation.ComponentInformationManager - (ComponentInformationManager::ComponentInformationManager:24)
"InitialConnectStateMachine" progress tracking enabled for 8 states, total weight: 17 - Utilities.QGCStateMachine - (QGCStateMachine::setProgressWeights:820)
ParameterManager(0xADDR) - FactSystem.ParameterManager - (ParameterManager::ParameterManager:44)
Entered "InitialConnectStateMachine:RequestAutopilotVersion" - Utilities.QGCStateMachine - (QGCAbstractState::onEntry:44)
State machine started: "InitialConnectStateMachine" - Utilities.QGCStateMachine - (QGCStateMachine::QGCStateMachine(const QString&, Vehicle*, QObject*)::<lambda()>:22)
▷ Machine started: InitialConnectStateMachine - Utilities.QGCStateMachine - (StateMachineLogger::_log:357)
AUTOPILOT_VERSION received - Vehicle.InitialConnectStateMachine - (InitialConnectStateMachine::_handleAutopilotVersionSuccess:324)
Exited "InitialConnectStateMachine:RequestAutopilotVersion" - Utilities.QGCStateMachine - (QGCAbstractState::onExit:62)
Entered "InitialConnectStateMachine:RequestStandardModes" - Utilities.QGCStateMachine - (QGCAbstractState::onEntry:44)
_stateRequestStandardModes - Vehicle.InitialConnectStateMachine - (InitialConnectStateMachine::_requestStandardModes:390)
Exited "InitialConnectStateMachine:RequestStandardModes" - Utilities.QGCStateMachine - (QGCAbstractState::onExit:62)
Entered "InitialConnectStateMachine:RequestCompInfo" - Utilities.QGCStateMachine - (QGCAbstractState::onEntry:44)
_stateRequestCompInfo - Vehicle.InitialConnectStateMachine - (InitialConnectStateMachine::_requestCompInfo:398)
void ComponentInformationManager::requestAllComponentInformation(RequestAllCompleteFn, void*) - ComponentInformation.ComponentInformationManager - (ComponentInformationManager::requestAllComponentInformation:177)
Entered "ComponentInformationManager:RequestGeneral" - Utilities.QGCStateMachine - (QGCAbstractState::onEntry:44)
void ComponentInformationManager::_requestCompInfoGeneral(AsyncFunctionState*) - ComponentInformation.ComponentInformationManager - (ComponentInformationManager::_requestCompInfoGeneral:194)
void RequestMetaDataTypeStateMachine::request(CompInfo*) "COMP_METADATA_TYPE_GENERAL" - ComponentInformation.RequestMetaDataTypeStateMachine - (RequestMetaDataTypeStateMachine::request:172)
State machine started: "ComponentInformationManager" - Utilities.QGCStateMachine - (QGCStateMachine::QGCStateMachine(const QString&, Vehicle*, QObject*)::<lambda()>:22)
▷ Machine started: ComponentInformationManager - Utilities.QGCStateMachine - (StateMachineLogger::_log:357)
Entered "RequestMetaDataType:RequestCompMetadata" - Utilities.QGCStateMachine - (QGCAbstractState::onEntry:44)
Requesting component metadata "COMP_METADATA_TYPE_GENERAL" - ComponentInformation.RequestMetaDataTypeStateMachine - (RequestMetaDataTypeStateMachine::_requestCompInfo:254)
State machine started: "RequestMetaDataType" - Utilities.QGCStateMachine - (QGCStateMachine::QGCStateMachine(const QString&, Vehicle*, QObject*)::<lambda()>:22)
▷ Machine started: RequestMetaDataType - Utilities.QGCStateMachine - (StateMachineLogger::_log:357)
Exited "RequestMetaDataType:RequestCompMetadata" - Utilities.QGCStateMachine - (QGCAbstractState::onExit:62)
Entered "RequestMetaDataType:RequestCompInfoDeprecated" - Utilities.QGCStateMachine - (QGCAbstractState::onEntry:44)
COMPONENT_METADATA available, skipping COMPONENT_INFORMATION - ComponentInformation.RequestMetaDataTypeStateMachine - (RequestMetaDataTypeStateMachine::_shouldSkipDeprecatedRequest:214)
Skip condition met, skipping "RequestMetaDataType:RequestCompInfoDeprecated" - Utilities.QGCStateMachine - (SkippableAsyncState::onWaitEntered:38)
Exited "RequestMetaDataType:RequestCompInfoDeprecated" - Utilities.QGCStateMachine - (QGCAbstractState::onExit:62)
Entered "RequestMetaDataType:RequestMetaDataJson" - Utilities.QGCStateMachine - (QGCAbstractState::onEntry:44)
"COMP_METADATA_TYPE_GENERAL" : requesting metadata (primary) from "mftp://[;comp=1]general.json" - ComponentInformation.RequestMetaDataTypeStateMachine - (RequestMetaDataTypeStateMachine::_requestMetaDataJson:341)
"COMP_METADATA_TYPE_GENERAL" : not found in cache, downloading - ComponentInformation.RequestMetaDataTypeStateMachine - (RequestMetaDataTypeStateMachine::_requestFile:493)
Downloading json "mftp://[;comp=1]general.json" - ComponentInformation.RequestMetaDataTypeStateMachine - (RequestMetaDataTypeStateMachine::_requestFile:496)
_ftpDownloadComplete fileName:errorMsg "/tmp/general.json" "" - ComponentInformation.RequestMetaDataTypeStateMachine - (RequestMetaDataTypeStateMachine::_ftpDownloadComplete:547)
Exited "RequestMetaDataType:RequestMetaDataJson" - Utilities.QGCStateMachine - (QGCAbstractState::onExit:62)
Entered "RequestMetaDataType:RequestMetaDataJsonFallback" - Utilities.QGCStateMachine - (QGCAbstractState::onEntry:44)
Skip condition met, skipping "RequestMetaDataType:RequestMetaDataJsonFallback" - Utilities.QGCStateMachine - (SkippableAsyncState::onWaitEntered:38)
Exited "RequestMetaDataType:RequestMetaDataJsonFallback" - Utilities.QGCStateMachine - (QGCAbstractState::onExit:62)
Entered "RequestMetaDataType:RequestTranslationJson" - Utilities.QGCStateMachine - (QGCAbstractState::onEntry:44)
No translation URI for "COMP_METADATA_TYPE_GENERAL" - ComponentInformation.RequestMetaDataTypeStateMachine - (RequestMetaDataTypeStateMachine::_requestTranslationJson:369)
Exited "RequestMetaDataType:RequestTranslationJson" - Utilities.QGCStateMachine - (QGCAbstractState::onExit:62)
Entered "RequestMetaDataType:RequestTranslate" - Utilities.QGCStateMachine - (QGCAbstractState::onEntry:44)
Skip condition met, skipping "RequestMetaDataType:RequestTranslate" - Utilities.QGCStateMachine - (SkippableAsyncState::onWaitEntered:38)
Exited "RequestMetaDataType:RequestTranslate" - Utilities.QGCStateMachine - (QGCAbstractState::onExit:62)
Entered "RequestMetaDataType:CompleteRequest" - Utilities.QGCStateMachine - (QGCAbstractState::onEntry:44)
"RequestMetaDataType:CompleteRequest" attempt 1 of 1 - Utilities.QGCStateMachine - (ErrorRecoveryState::_executeAction:115)
"COMP_METADATA_TYPE_GENERAL" : downloaded via FTP (primary) "mftp://[;comp=1]general.json" - ComponentInformation.RequestMetaDataTypeStateMachine - (RequestMetaDataTypeStateMachine::_completeRequest:435)
"RequestMetaDataType:CompleteRequest" primary action succeeded - Utilities.QGCStateMachine - (ErrorRecoveryState::_executeAction:125)
Exited "RequestMetaDataType:CompleteRequest" - Utilities.QGCStateMachine - (QGCAbstractState::onExit:62)
Entered "Final:RequestMetaDataType" - Utilities.QGCStateMachine - (QGCFinalState::QGCFinalState(const QString&, QState*)::<lambda()>:12)
State machine finished: "RequestMetaDataType" - Utilities.QGCStateMachine - (QGCStateMachine::QGCStateMachine(const QString&, Vehicle*, QObject*)::<lambda()>:33)
Exited "ComponentInformationManager:RequestGeneral" - Utilities.QGCStateMachine - (QGCAbstractState::onExit:62)
Entered "ComponentInformationManager:UpdateUri" - Utilities.QGCStateMachine - (QGCAbstractState::onEntry:44)
void ComponentInformationManager::_updateAllUri() - ComponentInformation.ComponentInformationManager - (ComponentInformationManager::_updateAllUri:204)
Exited "ComponentInformationManager:UpdateUri" - Utilities.QGCStateMachine - (QGCAbstractState::onExit:62)
Entered "ComponentInformationManager:RequestParam" - Utilities.QGCStateMachine - (QGCAbstractState::onEntry:44)
Condition not met, executing "ComponentInformationManager:RequestParam" - Utilities.QGCStateMachine - (SkippableAsyncState::onWaitEntered:53)
void ComponentInformationManager::_requestCompInfoParam(SkippableAsyncState*) - ComponentInformation.ComponentInformationManager - (ComponentInformationManager::_requestCompInfoParam:214)
void RequestMetaDataTypeStateMachine::request(CompInfo*) "COMP_METADATA_TYPE_PARAMETER" - ComponentInformation.RequestMetaDataTypeStateMachine - (RequestMetaDataTypeStateMachine::request:172)
Entered "RequestMetaDataType:RequestCompMetadata" - Utilities.QGCStateMachine - (QGCAbstractState::onEntry:44)
State machine started: "RequestMetaDataType" - Utilities.QGCStateMachine - (QGCStateMachine::QGCStateMachine(const QString&, Vehicle*, QObject*)::<lambda()>:22)
▷ Machine started: RequestMetaDataType - Utilities.QGCStateMachine - (StateMachineLogger::_log:357)
Exited "RequestMetaDataType:RequestCompMetadata" - Utilities.QGCStateMachine - (QGCAbstractState::onExit:62)
Entered "RequestMetaDataType:RequestCompInfoDeprecated" - Utilities.QGCStateMachine - (QGCAbstractState::onEntry:44)
Skip condition met, skipping "RequestMetaDataType:RequestCompInfoDeprecated" - Utilities.QGCStateMachine - (SkippableAsyncState::onWaitEntered:38)
Exited "RequestMetaDataType:RequestCompInfoDeprecated" - Utilities.QGCStateMachine - (QGCAbstractState::onExit:62)
Entered "RequestMetaDataType:RequestMetaDataJson" - Utilities.QGCStateMachine - (QGCAbstractState::onEntry:44)
"COMP_METADATA_TYPE_PARAMETER" : requesting metadata (primary) from "mftp://[;comp=1]parameter.json.xz" - ComponentInformation.RequestMetaDataTypeStateMachine - (RequestMetaDataTypeStateMachine::_requestMetaDataJson:341)
"COMP_METADATA_TYPE_PARAMETER" : not found in cache, downloading - ComponentInformation.RequestMetaDataTypeStateMachine - (RequestMetaDataTypeStateMachine::_requestFile:493)
Downloading json "mftp://[;comp=1]parameter.json.xz" - ComponentInformation.RequestMetaDataTypeStateMachine - (RequestMetaDataTypeStateMachine::_requestFile:496)
_ftpDownloadComplete fileName:errorMsg "/tmp/parameter.json.xz" "" - ComponentInformation.RequestMetaDataTypeStateMachine - (RequestMetaDataTypeStateMachine::_ftpDownloadComplete:547)
Exited "RequestMetaDataType:RequestMetaDataJson" - Utilities.QGCStateMachine - (QGCAbstractState::onExit:62)
Entered "RequestMetaDataType:RequestMetaDataJsonFallback" - Utilities.QGCStateMachine - (QGCAbstractState::onEntry:44)
Skip condition met, skipping "RequestMetaDataType:RequestMetaDataJsonFallback" - Utilities.QGCStateMachine - (SkippableAsyncState::onWaitEntered:38)
Exited "RequestMetaDataType:RequestMetaDataJsonFallback" - Utilities.QGCStateMachine - (QGCAbstractState::onExit:62)
Entered "RequestMetaDataType:RequestTranslationJson" - Utilities.QGCStateMachine - (QGCAbstractState::onEntry:44)
No translation URI for "COMP_METADATA_TYPE_PARAMETER" - ComponentInformation.RequestMetaDataTypeStateMachine - (RequestMetaDataTypeStateMachine::_requestTranslationJson:369)
Exited "RequestMetaDataType:RequestTranslationJson" - Utilities.QGCStateMachine - (QGCAbstractState::onExit:62)
Entered "RequestMetaDataType:RequestTranslate" - Utilities.QGCStateMachine - (QGCAbstractState::onEntry:44)
Skip condition met, skipping "RequestMetaDataType:RequestTranslate" - Utilities.QGCStateMachine - (SkippableAsyncState::onWaitEntered:38)
Exited "RequestMetaDataType:RequestTranslate" - Utilities.QGCStateMachine - (QGCAbstractState::onExit:62)
Entered "RequestMetaDataType:CompleteRequest" - Utilities.QGCStateMachine - (QGCAbstractState::onEntry:44)
"RequestMetaDataType:CompleteRequest" attempt 1 of 1 - Utilities.QGCStateMachine - (ErrorRecoveryState::_executeAction:115)
"COMP_METADATA_TYPE_PARAMETER" : downloaded via FTP (primary) "mftp://[;comp=1]parameter.json.xz" - ComponentInformation.RequestMetaDataTypeStateMachine - (RequestMetaDataTypeStateMachine::_completeRequest:435)
"RequestMetaDataType:CompleteRequest" primary action succeeded - Utilities.QGCStateMachine - (ErrorRecoveryState::_executeAction:125)
Exited "RequestMetaDataType:CompleteRequest" - Utilities.QGCStateMachine - (QGCAbstractState::onExit:62)
Entered "Final:RequestMetaDataType" - Utilities.QGCStateMachine - (QGCFinalState::QGCFinalState(const QString&, QState*)::<lambda()>:12)
State machine finished: "RequestMetaDataType" - Utilities.QGCStateMachine - (QGCStateMachine::QGCStateMachine(const QString&, Vehicle*, QObject*)::<lambda()>:33)
Exited "ComponentInformationManager:RequestParam" - Utilities.QGCStateMachine - (QGCAbstractState::onExit:62)
Entered "ComponentInformationManager:RequestEvents" - Utilities.QGCStateMachine - (QGCAbstractState::onEntry:44)
Skip condition met, skipping "ComponentInformationManager:RequestEvents" - Utilities.QGCStateMachine - (SkippableAsyncState::onWaitEntered:38)
Skipping events metadata, not supported - ComponentInformation.ComponentInformationManager - (ComponentInformationManager::_createStates()::<lambda()>:78)
Exited "ComponentInformationManager:RequestEvents" - Utilities.QGCStateMachine - (QGCAbstractState::onExit:62)
Entered "ComponentInformationManager:RequestActuators" - Utilities.QGCStateMachine - (QGCAbstractState::onEntry:44)
Skip condition met, skipping "ComponentInformationManager:RequestActuators" - Utilities.QGCStateMachine - (SkippableAsyncState::onWaitEntered:38)
Skipping actuators metadata, not supported - ComponentInformation.ComponentInformationManager - (ComponentInformationManager::_createStates()::<lambda()>:90)
Exited "ComponentInformationManager:RequestActuators" - Utilities.QGCStateMachine - (QGCAbstractState::onExit:62)
Entered "ComponentInformationManager:Complete" - Utilities.QGCStateMachine - (QGCAbstractState::onEntry:44)
void ComponentInformationManager::_signalComplete() - ComponentInformation.ComponentInformationManager - (ComponentInformationManager::_signalComplete:238)
Exited "InitialConnectStateMachine:RequestCompInfo" - Utilities.QGCStateMachine - (QGCAbstractState::onExit:62)
Entered "InitialConnectStateMachine:RequestParameters" - Utilities.QGCStateMachine - (QGCAbstractState::onEntry:44)
Condition not met, executing "InitialConnectStateMachine:RequestParameters" - Utilities.QGCStateMachine - (SkippableAsyncState::onWaitEntered:53)
_stateRequestParameters - Vehicle.InitialConnectStateMachine - (InitialConnectStateMachine::_requestParameters:422)
"V:128" Requesting _HASH_CHECK before full parameter list - FactSystem.ParameterManager - (ParameterManager::_startParameterDownload:662)
"V:128 C:1" Sending PARAM_REQUEST_READ for _HASH_CHECK - FactSystem.ParameterManager - (ParameterManager::_requestHashCheck:906)
"V:128" Request to refresh all parameters for component ID: "MAV_COMP_ID_ALL" - FactSystem.ParameterManager - (ParameterManager::_startParameterDownload:695)
Exited "ComponentInformationManager:Complete" - Utilities.QGCStateMachine - (QGCAbstractState::onExit:62)
Entered "Final:ComponentInformationManager" - Utilities.QGCStateMachine - (QGCFinalState::QGCFinalState(const QString&, QState*)::<lambda()>:12)
State machine finished: "ComponentInformationManager" - Utilities.QGCStateMachine - (QGCStateMachine::QGCStateMachine(const QString&, Vehicle*, QObject*)::<lambda()>:33)
Attemping load from cache - FactSystem.ParameterManager - (ParameterManager::_tryCacheHashLoad:1080)
No parameter cache file - FactSystem.ParameterManager - (ParameterManager::_tryCacheHashLoad:1086)
"V:128" Request to refresh all parameters for component ID: "MAV_COMP_ID_ALL" - FactSystem.ParameterManager - (ParameterManager::_startParameterDownload:695)
"V:128 C:1" Seeing component for first time - paramcount: 740 - FactSystem.ParameterManager - (ParameterManager::_handleParamValue:189)
"V:128" Initial load complete - FactSystem.ParameterManager - (ParameterManager::_checkInitialLoadComplete:1381)
_remapParamNameToVersion: no major version mapping - FactSystem.ParameterManager - (ParameterManager::_remapParamNameToVersion:1473)
_remapParamNameToVersion: no major version mapping - FactSystem.ParameterManager - (ParameterManager::_remapParamNameToVersion:1473)
_remapParamNameToVersion: no major version mapping - FactSystem.ParameterManager - (ParameterManager::_remapParamNameToVersion:1473)
_remapParamNameToVersion: no major version mapping - FactSystem.ParameterManager - (ParameterManager::_remapParamNameToVersion:1473)
_remapParamNameToVersion: no major version mapping - FactSystem.ParameterManager - (ParameterManager::_remapParamNameToVersion:1473)
_remapParamNameToVersion: no major version mapping - FactSystem.ParameterManager - (ParameterManager::_remapParamNameToVersion:1473)
_remapParamNameToVersion: no major version mapping - FactSystem.ParameterManager - (ParameterManager::_remapParamNameToVersion:1473)
_remapParamNameToVersion: no major version mapping - FactSystem.ParameterManager - (ParameterManager::_remapParamNameToVersion:1473)
_remapParamNameToVersion: no major version mapping - FactSystem.ParameterManager - (ParameterManager::_remapParamNameToVersion:1473)
_remapParamNameToVersion: no major version mapping - FactSystem.ParameterManager - (ParameterManager::_remapParamNameToVersion:1473)
_remapParamNameToVersion: no major version mapping - FactSystem.ParameterManager - (ParameterManager::_remapParamNameToVersion:1473)
_remapParamNameToVersion: no major version mapping - FactSystem.ParameterManager - (ParameterManager::_remapParamNameToVersion:1473)
_remapParamNameToVersion: no major version mapping - FactSystem.ParameterManager - (ParameterManager::_remapParamNameToVersion:1473)
_remapParamNameToVersion: no major version mapping - FactSystem.ParameterManager - (ParameterManager::_remapParamNameToVersion:1473)
_remapParamNameToVersion: no major version mapping - FactSystem.ParameterManager - (ParameterManager::_remapParamNameToVersion:1473)
_remapParamNameToVersion: no major version mapping - FactSystem.ParameterManager - (ParameterManager::_remapParamNameToVersion:1473)
_remapParamNameToVersion: no major version mapping - FactSystem.ParameterManager - (ParameterManager::_remapParamNameToVersion:1473)
_remapParamNameToVersion: no major version mapping - FactSystem.ParameterManager - (ParameterManager::_remapParamNameToVersion:1473)
_remapParamNameToVersion: no major version mapping - FactSystem.ParameterManager - (ParameterManager::_remapParamNameToVersion:1473)
_remapParamNameToVersion: no major version mapping - FactSystem.ParameterManager - (ParameterManager::_remapParamNameToVersion:1473)
_remapParamNameToVersion: no major version mapping - FactSystem.ParameterManager - (ParameterManager::_remapParamNameToVersion:1473)
_remapParamNameToVersion: no major version mapping - FactSystem.ParameterManager - (ParameterManager::_remapParamNameToVersion:1473)
_remapParamNameToVersion: no major version mapping - FactSystem.ParameterManager - (ParameterManager::_remapParamNameToVersion:1473)
_remapParamNameToVersion: no major version mapping - FactSystem.ParameterManager - (ParameterManager::_remapParamNameToVersion:1473)
_remapParamNameToVersion: no major version mapping - FactSystem.ParameterManager - (ParameterManager::_remapParamNameToVersion:1473)
_remapParamNameToVersion: no major version mapping - FactSystem.ParameterManager - (ParameterManager::_remapParamNameToVersion:1473)
_remapParamNameToVersion: no major version mapping - FactSystem.ParameterManager - (ParameterManager::_remapParamNameToVersion:1473)
_remapParamNameToVersion: no major version mapping - FactSystem.ParameterManager - (ParameterManager::_remapParamNameToVersion:1473)
_remapParamNameToVersion: no major version mapping - FactSystem.ParameterManager - (ParameterManager::_remapParamNameToVersion:1473)
_remapParamNameToVersion: no major version mapping - FactSystem.ParameterManager - (ParameterManager::_remapParamNameToVersion:1473)
_remapParamNameToVersion: no major version mapping - FactSystem.ParameterManager - (ParameterManager::_remapParamNameToVersion:1473)
_remapParamNameToVersion: no major version mapping - FactSystem.ParameterManager - (ParameterManager::_remapParamNameToVersion:1473)
_remapParamNameToVersion: no major version mapping - FactSystem.ParameterManager - (ParameterManager::_remapParamNameToVersion:1473)
_remapParamNameToVersion: no major version mapping - FactSystem.ParameterManager - (ParameterManager::_remapParamNameToVersion:1473)
_remapParamNameToVersion: no major version mapping - FactSystem.ParameterManager - (ParameterManager::_remapParamNameToVersion:1473)
_remapParamNameToVersion: no major version mapping - FactSystem.ParameterManager - (ParameterManager::_remapParamNameToVersion:1473)
_remapParamNameToVersion: no major version mapping - FactSystem.ParameterManager - (ParameterManager::_remapParamNameToVersion:1473)
_remapParamNameToVersion: no major version mapping - FactSystem.ParameterManager - (ParameterManager::_remapParamNameToVersion:1473)
_remapParamNameToVersion: no major version mapping - FactSystem.ParameterManager - (ParameterManager::_remapParamNameToVersion:1473)
_remapParamNameToVersion: no major version mapping - FactSystem.ParameterManager - (ParameterManager::_remapParamNameToVersion:1473)
_remapParamNameToVersion: no major version mapping - FactSystem.ParameterManager - (ParameterManager::_remapParamNameToVersion:1473)
_remapParamNameToVersion: no major version mapping - FactSystem.ParameterManager - (ParameterManager::_remapParamNameToVersion:1473)
_remapParamNameToVersion: no major version mapping - FactSystem.ParameterManager - (ParameterManager::_remapParamNameToVersion:1473)
_remapParamNameToVersion: no major version mapping - FactSystem.ParameterManager - (ParameterManager::_remapParamNameToVersion:1473)
_remapParamNameToVersion: no major version mapping - FactSystem.ParameterManager - (ParameterManager::_remapParamNameToVersion:1473)
_remapParamNameToVersion: no major version mapping - FactSystem.ParameterManager - (ParameterManager::_remapParamNameToVersion:1473)
_remapParamNameToVersion: no major version mapping - FactSystem.ParameterManager - (ParameterManager::_remapParamNameToVersion:1473)
_remapParamNameToVersion: no major version mapping - FactSystem.ParameterManager - (ParameterManager::_remapParamNameToVersion:1473)
_remapParamNameToVersion: no major version mapping - FactSystem.ParameterManager - (ParameterManager::_remapParamNameToVersion:1473)
_remapParamNameToVersion: no major version mapping - FactSystem.ParameterManager - (ParameterManager::_remapParamNameToVersion:1473)
_remapParamNameToVersion: no major version mapping - FactSystem.ParameterManager - (ParameterManager::_remapParamNameToVersion:1473)
_remapParamNameToVersion: no major version mapping - FactSystem.ParameterManager - (ParameterManager::_remapParamNameToVersion:1473)
_remapParamNameToVersion: no major version mapping - FactSystem.ParameterManager - (ParameterManager::_remapParamNameToVersion:1473)
_remapParamNameToVersion: no major version mapping - FactSystem.ParameterManager - (ParameterManager::_remapParamNameToVersion:1473)
_remapParamNameToVersion: no major version mapping - FactSystem.ParameterManager - (ParameterManager::_remapParamNameToVersion:1473)
_remapParamNameToVersion: no major version mapping - FactSystem.ParameterManager - (ParameterManager::_remapParamNameToVersion:1473)
_onParametersReady true - Vehicle.InitialConnectStateMachine - (InitialConnectStateMachine::_onParametersReady:462)
_remapParamNameToVersion: no major version mapping - FactSystem.ParameterManager - (ParameterManager::_remapParamNameToVersion:1473)
_remapParamNameToVersion: no major version mapping - FactSystem.ParameterManager - (ParameterManager::_remapParamNameToVersion:1473)
Exited "InitialConnectStateMachine:RequestParameters" - Utilities.QGCStateMachine - (QGCAbstractState::onExit:62)
Entered "InitialConnectStateMachine:RequestMission" - Utilities.QGCStateMachine - (QGCAbstractState::onEntry:44)
Condition not met, executing "InitialConnectStateMachine:RequestMission" - Utilities.QGCStateMachine - (SkippableAsyncState::onWaitEntered:53)
_stateRequestMission - Vehicle.InitialConnectStateMachine - (InitialConnectStateMachine::_requestMission:486)
Exited "InitialConnectStateMachine:RequestMission" - Utilities.QGCStateMachine - (QGCAbstractState::onExit:62)
Entered "InitialConnectStateMachine:RequestGeoFence" - Utilities.QGCStateMachine - (QGCAbstractState::onEntry:44)
Condition not met, executing "InitialConnectStateMachine:RequestGeoFence" - Utilities.QGCStateMachine - (SkippableAsyncState::onWaitEntered:53)
_stateRequestGeoFence - Vehicle.InitialConnectStateMachine - (InitialConnectStateMachine::_requestGeoFence:504)
Exited "InitialConnectStateMachine:RequestGeoFence" - Utilities.QGCStateMachine - (QGCAbstractState::onExit:62)
Entered "InitialConnectStateMachine:RequestRallyPoints" - Utilities.QGCStateMachine - (QGCAbstractState::onEntry:44)
Condition not met, executing "InitialConnectStateMachine:RequestRallyPoints" - Utilities.QGCStateMachine - (SkippableAsyncState::onWaitEntered:53)
_stateRequestRallyPoints - Vehicle.InitialConnectStateMachine - (InitialConnectStateMachine::_requestRallyPoints:522)
Exited "InitialConnectStateMachine:RequestRallyPoints" - Utilities.QGCStateMachine - (QGCAbstractState::onExit:62)
Entered "InitialConnectStateMachine:SignalComplete" - Utilities.QGCStateMachine - (QGCAbstractState::onEntry:44)
"InitialConnectStateMachine:SignalComplete" attempt 1 of 1 - Utilities.QGCStateMachine - (RetryState::_executeAction:28)
Signalling initialConnectComplete - Vehicle.InitialConnectStateMachine - (InitialConnectStateMachine::_signalComplete:549)
"InitialConnectStateMachine:SignalComplete" succeeded on attempt 1 - Utilities.QGCStateMachine - (RetryState::_executeAction:37)
Exited "InitialConnectStateMachine:SignalComplete" - Utilities.QGCStateMachine - (QGCAbstractState::onExit:62)
Entered "Final:InitialConnectStateMachine" - Utilities.QGCStateMachine - (QGCFinalState::QGCFinalState(const QString&, QState*)::<lambda()>:12)
State machine finished: "InitialConnectStateMachine" - Utilities.QGCStateMachine - (QGCStateMachine::QGCStateMachine(const QString&, Vehicle*, QObject*)::<lambda()>:33)
"V:128 C:2" Seeing component for first time - paramcount: 1 - FactSystem.ParameterManager - (ParameterManager::_handleParamValue:189)
"V:128 C:3" Seeing component for first time - paramcount: 1 - FactSystem.ParameterManager - (ParameterManager::_handleParamValue:189)
_remapParamNameToVersion: no major version mapping - FactSystem.ParameterManager - (ParameterManager::_remapParamNameToVersion:1473)
_remapParamNameToVersion: no major version mapping - FactSystem.ParameterManager - (ParameterManager::_remapParamNameToVersion:1473)
_remapParamNameToVersion: no major version mapping - FactSystem.ParameterManager - (ParameterManager::_remapParamNameToVersion:1473)
_remapParamNameToVersion: no major version mapping - FactSystem.ParameterManager - (ParameterManager::_remapParamNameToVersion:1473)
Starting state machine for PARAM_SET on:  "BAT1_CAPACITY" "comp: 1" - FactSystem.ParameterManager - (ParameterManager::_mavlinkParamSet:441)
Entered "ParameterManager PARAM_SET:SendMavlinkMessageState" - Utilities.QGCStateMachine - (QGCAbstractState::onEntry:44)
State machine started: "ParameterManager PARAM_SET" - Utilities.QGCStateMachine - (QGCStateMachine::QGCStateMachine(const QString&, Vehicle*, QObject*)::<lambda()>:22)
▷ Machine started: ParameterManager PARAM_SET - Utilities.QGCStateMachine - (StateMachineLogger::_log:357)
Exited "ParameterManager PARAM_SET:SendMavlinkMessageState" - Utilities.QGCStateMachine - (QGCAbstractState::onExit:62)
Entered "ParameterManager PARAM_SET:ParameterManager increment pending write count" - Utilities.QGCStateMachine - (QGCAbstractState::onEntry:44)
Exited "ParameterManager PARAM_SET:ParameterManager increment pending write count" - Utilities.QGCStateMachine - (QGCAbstractState::onExit:62)
Entered "ParameterManager PARAM_SET:WaitForParamResponseState" - Utilities.QGCStateMachine - (QGCAbstractState::onEntry:44)
Received PARAM_VALUE "ParameterManager PARAM_SET:WaitForParamResponseState" - Utilities.QGCStateMachine - (WaitForParamResponseState::_messageReceived:35)
Exited "ParameterManager PARAM_SET:WaitForParamResponseState" - Utilities.QGCStateMachine - (QGCAbstractState::onExit:62)
Entered "ParameterManager PARAM_SET:ParameterManager decrement pending write count" - Utilities.QGCStateMachine - (QGCAbstractState::onEntry:44)
Exited "ParameterManager PARAM_SET:ParameterManager decrement pending write count" - Utilities.QGCStateMachine - (QGCAbstractState::onExit:62)
Entered "ParameterManager PARAM_SET:ParameterManager log success" - Utilities.QGCStateMachine - (QGCAbstractState::onEntry:44)
Parameter write succeeded: param: "BAT1_CAPACITY" "comp: 1" - FactSystem.ParameterManager - (ParameterManager::_mavlinkParamSet(int, const QString&, FactMetaData::ValueType_t, const QVariant&)::<lambda()>:408)
_remapParamNameToVersion: no major version mapping - FactSystem.ParameterManager - (ParameterManager::_remapParamNameToVersion:1473)
Exited "ParameterManager PARAM_SET:ParameterManager log success" - Utilities.QGCStateMachine - (QGCAbstractState::onExit:62)
Entered "FinalState:ParameterManager PARAM_SET" - Utilities.QGCStateMachine - (QGCFinalState::QGCFinalState(const QString&, QState*)::<lambda()>:12)
State machine finished: "ParameterManager PARAM_SET" - Utilities.QGCStateMachine - (QGCStateMachine::QGCStateMachine(const QString&, Vehicle*, QObject*)::<lambda()>:33)
